<html>
<body>
<pre>
<h1>µVision Build Log</h1>
<h2>Tool Versions:</h2>
IDE-Version: ¦ÌVision V5.38.0.0
Copyright (C) 2022 ARM Ltd and ARM Germany GmbH. All rights reserved.
License Information: funiot 2540018684@qq.com, funiot, LIC=VGXG8-3RUEK-X7SRZ-JMEW7-FA8N3-26DMK
 
Tool Versions:
Toolchain:       MDK-ARM Plus  Version: 5.38.0.0
Toolchain Path:  D:\softinstall\Keil\ARM\ARMCC\Bin
C Compiler:      Armcc.exe V5.06 update 6 (build 750)
Assembler:       Armasm.exe V5.06 update 6 (build 750)
Linker/Locator:  ArmLink.exe V5.06 update 6 (build 750)
Library Manager: ArmAr.exe V5.06 update 6 (build 750)
Hex Converter:   FromElf.exe V5.06 update 6 (build 750)
CPU DLL:         SARMCM3.DLL V5.38.0.0
Dialog DLL:      DCM.DLL V1.17.5.0
Target DLL:      CMSIS_AGDI.dll V1.33.15.0
Dialog DLL:      TCM.DLL V1.56.4.0
 
<h2>Project:</h2>
C:\Users\25400\Desktop\BLE_OTA_STM32F103C8T6\APP\UART\USER\yaogan.uvprojx
Project File Date:  08/10/2023

<h2>Output:</h2>
*** Using Compiler 'V5.06 update 6 (build 750)', folder: 'D:\softinstall\Keil\ARM\ARMCC\Bin'
Build target 'USART'
assembling startup_stm32f10x_hd.s...
compiling delay.c...
compiling stm32f10x_it.c...
compiling core_cm3.c...
compiling system_stm32f10x.c...
compiling usart.c...
compiling misc.c...
compiling sys.c...
compiling stm32f10x_usart.c...
compiling stm32f10x_spi.c...
compiling stm32f10x_gpio.c...
compiling stm32f10x_rcc.c...
compiling stm32f10x_bkp.c...
compiling stm32f10x_rtc.c...
compiling stm32f10x_tim.c...
compiling stm32f10x_dac.c...
compiling stm32f10x_adc.c...
compiling stm32f10x_pwr.c...
compiling stm32f10x_dma.c...
compiling stm32f10x_exti.c...
linking...
Program Size: Code=4284 RO-data=336 RW-data=52 ZI-data=1836  
FromELF: creating hex file...
After Build - User command #2: D:\softinstall\Keil\\ARM\ARMCC\bin\fromelf.exe --bin --output=funiot_xyz.bin ..\OBJ\funiot_xyz.axf
"..\OBJ\funiot_xyz.axf" - 0 Error(s), 0 Warning(s).

<h2>Software Packages used:</h2>

Package Vendor: Keil
                http://www.keil.com/pack/Keil.STM32F1xx_DFP.2.4.0.pack
                Keil.STM32F1xx_DFP.2.4.0
                STMicroelectronics STM32F1 Series Device Support, Drivers and Examples

<h2>Collection of Component include folders:</h2>
  D:/softinstall/Keil/PACK/Keil/STM32F1xx_DFP/2.4.0/Device/Include

<h2>Collection of Component Files used:</h2>
Build Time Elapsed:  00:00:04
</pre>
</body>
</html>
